hw.c:18:6:HAL_GPIO_EXTI_Callback	16	static
hw.c:26:6:hw_switch_state_get	16	static
hw.c:36:6:hw_led_toggle	8	static
hw.c:41:6:hw_led_state_set	24	static
hw.c:48:6:hw_delay_ms	16	static
hw.c:53:10:hw_tick_ms_get	8	static
hw.c:58:6:hw_cpu_sleep	4	static,ignoring_inline_asm
hw.c:63:6:hw_uart_disable_interrupts	8	static
hw.c:68:6:hw_uart_enable_interrupts	8	static
hw.c:75:6:hw_uart_init	16	static
hw.c:90:6:hw_uart2_interrupt	24	static
hw.c:115:13:hw_uart_tx_byte	24	static
hw.c:128:6:hw_uart_tx	24	static
